---
source: crates/emela-fmt/tests/format.rs
expression: "check(&name, &src, 100)"
input_file: crates/emela-fmt/test_data/spec_greet.emel
---
# 8.2 の greet．束縛の `=` の揃えは外れる
fn greet(id: Int) {
  log = use Logger
  users = use Users

  user = users.find(id) |> Option.or_fail(NotFound(id:))
  log.info("hello #{user.name}")

  (use Clock).sleep(1000)
  user
}
