---
source: crates/emela-fmt/tests/format.rs
expression: "check(&name, &src, 100)"
input_file: crates/emela-fmt/test_data/spec_parse.emel
---
# src/email.emel（4.4）．type と error の宣言はまだ読めないので fn だけ
pub fn parse(input: String) -> Email fails InvalidEmail {
  if String.contains(input, "@") {
    Email(value: input)
  } else {
    fail InvalidEmail(input:)
  }
}

pub fn to_string(email: Email) -> String {
  email.value
}
