---
source: crates/emela-driver/tests/diagnostics.rs
expression: "render(&analysis.diagnostics, &analysis.sources, false)"
---
エラー: ディレクトリ名 `My-Lib` をモジュール名にできない: 小文字の snake_case ではない
   ─[ src/My-Lib ]

エラー: ファイル名 `Server` をモジュール名にできない: 小文字の snake_case ではない
   ─[ src/http/Server.emel ]

エラー: "3px" は数値の形になっていない
   ╭─[ src/http/client.emel:1:9 ]
   │
 1 │ let n = 3px
   │         ─┬─  
   │          ╰─── 
───╯

エラー: 文字列が閉じていない
   ╭─[ src/main.emel:1:9 ]
   │
 1 │ let x = "abc
   │         ──┬─  
   │           ╰─── 
───╯

エラー: 認識できない文字 "$"
   ╭─[ src/main.emel:2:9 ]
   │
 2 │ let y = $
   │         ┬  
   │         ╰── 
───╯

エラー 5 件
