---
source: crates/emela-driver/tests/diagnostics.rs
expression: "render(&analysis.diagnostics, &analysis.sources, false)"
---
error[E0206]: import cycle: Http.Client → Json → Http.Client
   ╭─[ src/http/client.emel:1:1 ]
   │
 1 │ import Json
   │ ─────┬─────  
   │      ╰─────── 
───╯

error[E0205]: undefined module `Missing`
   ╭─[ src/main.emel:2:1 ]
   │
 2 │ import Missing
   │ ───────┬──────  
   │        ╰──────── 
───╯

2 errors
