---
source: crates/emela-driver/tests/diagnostics.rs
expression: "render(&analysis.diagnostics, &analysis.sources, false)"
---
error[E0201]: file name `Bad` cannot be a module name: not lower snake_case
   ─[ Bad.emel ]

error[E0105]: unrecognized character `$`
   ╭─[ util.emel:1:9 ]
   │
 1 │ let x = $
   │         ┬  
   │         ╰── 
───╯

error[E0205]: undefined module `Deep.Thing`
   ╭─[ main.emel:2:1 ]
   │
 2 │ import Deep.Thing
   │ ────────┬────────  
   │         ╰────────── 
───╯

3 errors
