---
source: crates/emela-driver/tests/diagnostics.rs
expression: "render(&analysis.diagnostics, &analysis.sources, false)"
---
error[E0206]: import cycle: Http.Client → Json → Http.Client
   ╭─[ src/http/client.emel:2:8 ]
   │
 2 │ import Json
   │        ──┬─  
   │          ╰─── 
───╯

error[E0205]: undefined module `Missing.Thing`
   ╭─[ src/main.emel:2:8 ]
   │
 2 │ import Missing.Thing
   │        ──────┬──────  
   │              ╰──────── 
───╯

error[E0206]: module `Selfish` imports itself
   ╭─[ src/selfish.emel:1:8 ]
   │
 1 │ import Selfish
   │        ───┬───  
   │           ╰───── 
───╯

3 errors
