---
source: crates/emela-cli/tests/cli.rs
expression: run.stderr
---
error[E0111]: expected type
   ╭─[ src/json.emel:3:10 ]
   │
 3 │ const Z: = 1
   │          ┬  
   │          ╰── 
───╯

error[E0118]: expected expression
   ╭─[ src/main.emel:6:1 ]
   │
 6 │ }
   │ ┬  
   │ ╰── 
───╯

error[E0110]: expected `)`
   ╭─[ src/main.emel:6:1 ]
   │
 6 │ }
   │ ┬  
   │ ╰── 
───╯

error[E0206]: import cycle: Http.Client → Json → Http.Client
   ╭─[ src/http/client.emel:1:8 ]
   │
 1 │ import Json
   │        ──┬─  
   │          ╰─── 
───╯

error[E0205]: undefined module `Missing`
   ╭─[ src/main.emel:2:8 ]
   │
 2 │ import Missing
   │        ───┬───  
   │           ╰───── 
───╯

5 errors
