---
source: crates/emela-cli/tests/cli.rs
expression: run.stderr
---
error[E0201]: file name `Util` cannot be a module name: not lower snake_case
   ─[ src/Util.emel ]

error: "3px" は数値の形になっていない
   ╭─[ src/http/client.emel:1:9 ]
   │
 1 │ let n = 3px
   │         ─┬─  
   │          ╰─── 
───╯

error: 文字列が閉じていない
   ╭─[ src/main.emel:1:9 ]
   │
 1 │ let x = "abc
   │         ──┬─  
   │           ╰─── 
───╯

error: 認識できない文字 "$"
   ╭─[ src/main.emel:2:9 ]
   │
 2 │ let y = $
   │         ┬  
   │         ╰── 
───╯

4 errors
