---
source: crates/emela-syntax/tests/lexer.rs
expression: dump(&src)
input_file: crates/emela-syntax/test_data/lexer/string_interpolation.emel
---
STRING_QUOTE@0..1 "\""
STRING_TEXT@1..6 "plain"
STRING_QUOTE@6..7 "\""
NEWLINE@7..8 "\n"
STRING_QUOTE@8..9 "\""
STRING_TEXT@9..15 "hello "
INTERP_START@15..17 "#{"
LOWER_NAME@17..21 "user"
DOT@21..22 "."
LOWER_NAME@22..26 "name"
INTERP_END@26..27 "}"
STRING_TEXT@27..28 "!"
STRING_QUOTE@28..29 "\""
NEWLINE@29..30 "\n"
STRING_QUOTE@30..31 "\""
STRING_TEXT@31..38 "nested "
INTERP_START@38..40 "#{"
LOWER_NAME@40..41 "f"
L_PAREN@41..42 "("
L_BRACE@42..43 "{"
LOWER_NAME@43..44 "x"
COLON@44..45 ":"
WHITESPACE@45..46 " "
STRING_QUOTE@46..47 "\""
STRING_TEXT@47..53 "inner "
INTERP_START@53..55 "#{"
LOWER_NAME@55..56 "y"
INTERP_END@56..57 "}"
STRING_QUOTE@57..58 "\""
R_BRACE@58..59 "}"
R_PAREN@59..60 ")"
INTERP_END@60..61 "}"
STRING_TEXT@61..66 " done"
STRING_QUOTE@66..67 "\""
NEWLINE@67..68 "\n"
STRING_QUOTE@68..69 "\""
STRING_TEXT@69..100 "escapes \\\" \\\\ \\n \\#{not_interp}"
STRING_QUOTE@100..101 "\""
NEWLINE@101..102 "\n"
STRING_QUOTE@102..103 "\""
STRING_TEXT@103..115 "hash # alone"
STRING_QUOTE@115..116 "\""
NEWLINE@116..117 "\n"
STRING_QUOTE@117..118 "\""
STRING_QUOTE@118..119 "\""
NEWLINE@119..120 "\n"
