---
source: crates/emela-syntax/tests/lexer.rs
expression: dump(&src)
input_file: crates/emela-syntax/test_data/lexer/multiline_strings.emel
---
LOWER_NAME@0..5 "query"
WHITESPACE@5..6 " "
EQ@6..7 "="
WHITESPACE@7..8 " "
TRIPLE_QUOTE@8..11 "\"\"\""
STRING_TEXT@11..49 "\n  SELECT *\n  FROM users\n  WHERE id = "
INTERP_START@49..51 "#{"
LOWER_NAME@51..53 "id"
INTERP_END@53..54 "}"
STRING_TEXT@54..55 "\n"
TRIPLE_QUOTE@55..60 "  \"\"\""
NEWLINE@60..61 "\n"
LOWER_NAME@61..66 "empty"
WHITESPACE@66..67 " "
EQ@67..68 "="
WHITESPACE@68..69 " "
TRIPLE_QUOTE@69..72 "\"\"\""
STRING_TEXT@72..73 "\n"
TRIPLE_QUOTE@73..76 "\"\"\""
NEWLINE@76..77 "\n"
LOWER_NAME@77..83 "quotes"
WHITESPACE@83..84 " "
EQ@84..85 "="
WHITESPACE@85..86 " "
TRIPLE_QUOTE@86..89 "\"\"\""
STRING_TEXT@89..139 "\n    say \"hi\" and \"\"ok\"\"\n    tab\\t and \\u{1F600}\n\n"
TRIPLE_QUOTE@139..146 "    \"\"\""
NEWLINE@146..147 "\n"
LOWER_NAME@147..151 "next"
WHITESPACE@151..152 " "
EQ@152..153 "="
WHITESPACE@153..154 " "
INT@154..155 "1"
NEWLINE@155..156 "\n"
