---
source: crates/emela-syntax/tests/lexer.rs
expression: dump(&src)
input_file: crates/emela-syntax/test_data/lexer/spec_opaque_type.emel
---
PUB_KW@0..3 "pub"
WHITESPACE@3..4 " "
OPAQUE_KW@4..10 "opaque"
WHITESPACE@10..11 " "
TYPE_KW@11..15 "type"
WHITESPACE@15..16 " "
TYPE_NAME@16..21 "Email"
L_PAREN@21..22 "("
LOWER_NAME@22..27 "value"
COLON@27..28 ":"
WHITESPACE@28..29 " "
TYPE_NAME@29..35 "String"
R_PAREN@35..36 ")"
NEWLINE@36..37 "\n"
NEWLINE@37..38 "\n"
PUB_KW@38..41 "pub"
WHITESPACE@41..42 " "
ERROR_KW@42..47 "error"
WHITESPACE@47..48 " "
TYPE_NAME@48..60 "InvalidEmail"
L_PAREN@60..61 "("
LOWER_NAME@61..66 "input"
COLON@66..67 ":"
WHITESPACE@67..68 " "
TYPE_NAME@68..74 "String"
R_PAREN@74..75 ")"
NEWLINE@75..76 "\n"
NEWLINE@76..77 "\n"
PUB_KW@77..80 "pub"
WHITESPACE@80..81 " "
FN_KW@81..83 "fn"
WHITESPACE@83..84 " "
LOWER_NAME@84..89 "parse"
L_PAREN@89..90 "("
LOWER_NAME@90..95 "input"
COLON@95..96 ":"
WHITESPACE@96..97 " "
TYPE_NAME@97..103 "String"
R_PAREN@103..104 ")"
WHITESPACE@104..105 " "
THIN_ARROW@105..107 "->"
WHITESPACE@107..108 " "
TYPE_NAME@108..113 "Email"
WHITESPACE@113..114 " "
LOWER_NAME@114..119 "fails"
WHITESPACE@119..120 " "
TYPE_NAME@120..132 "InvalidEmail"
WHITESPACE@132..133 " "
L_BRACE@133..134 "{"
NEWLINE@134..135 "\n"
WHITESPACE@135..137 "  "
IF_KW@137..139 "if"
WHITESPACE@139..140 " "
TYPE_NAME@140..146 "String"
DOT@146..147 "."
LOWER_NAME@147..155 "contains"
L_PAREN@155..156 "("
LOWER_NAME@156..161 "input"
COMMA@161..162 ","
WHITESPACE@162..163 " "
STRING_QUOTE@163..164 "\""
STRING_TEXT@164..165 "@"
STRING_QUOTE@165..166 "\""
R_PAREN@166..167 ")"
WHITESPACE@167..168 " "
L_BRACE@168..169 "{"
NEWLINE@169..170 "\n"
WHITESPACE@170..174 "    "
TYPE_NAME@174..179 "Email"
L_PAREN@179..180 "("
LOWER_NAME@180..185 "value"
COLON@185..186 ":"
WHITESPACE@186..187 " "
LOWER_NAME@187..192 "input"
R_PAREN@192..193 ")"
NEWLINE@193..194 "\n"
WHITESPACE@194..196 "  "
R_BRACE@196..197 "}"
WHITESPACE@197..198 " "
ELSE_KW@198..202 "else"
WHITESPACE@202..203 " "
L_BRACE@203..204 "{"
NEWLINE@204..205 "\n"
WHITESPACE@205..209 "    "
FAIL_KW@209..213 "fail"
WHITESPACE@213..214 " "
TYPE_NAME@214..226 "InvalidEmail"
L_PAREN@226..227 "("
LOWER_NAME@227..232 "input"
COLON@232..233 ":"
R_PAREN@233..234 ")"
NEWLINE@234..235 "\n"
WHITESPACE@235..237 "  "
R_BRACE@237..238 "}"
NEWLINE@238..239 "\n"
R_BRACE@239..240 "}"
NEWLINE@240..241 "\n"
