---
source: crates/emela-syntax/tests/lexer.rs
expression: dump(&src)
input_file: crates/emela-syntax/test_data/lexer/error_multiline_strings.emel
---
LOWER_NAME@0..1 "a"
WHITESPACE@1..2 " "
EQ@2..3 "="
WHITESPACE@3..4 " "
TRIPLE_QUOTE@4..7 "\"\"\""
STRING_TEXT@7..22 "no newline\n  x\n"
TRIPLE_QUOTE@22..27 "  \"\"\""
NEWLINE@27..28 "\n"
LOWER_NAME@28..29 "b"
WHITESPACE@29..30 " "
EQ@30..31 "="
WHITESPACE@31..32 " "
TRIPLE_QUOTE@32..35 "\"\"\""
STRING_TEXT@35..47 "\n  ok\n  done"
TRIPLE_QUOTE@47..50 "\"\"\""
NEWLINE@50..51 "\n"
LOWER_NAME@51..52 "c"
WHITESPACE@52..53 " "
EQ@53..54 "="
WHITESPACE@54..55 " "
TRIPLE_QUOTE@55..58 "\"\"\""
STRING_TEXT@58..61 "\n  "
INTERP_START@61..63 "#{"
LOWER_NAME@63..64 "f"
L_PAREN@64..65 "("
NEWLINE_CONT@65..66 "\n"
WHITESPACE@66..70 "    "
LOWER_NAME@70..71 "x"
R_PAREN@71..72 ")"
INTERP_END@72..73 "}"
STRING_TEXT@73..80 " after\n"
TRIPLE_QUOTE@80..85 "  \"\"\""
NEWLINE@85..86 "\n"
LOWER_NAME@86..87 "e"
WHITESPACE@87..88 " "
EQ@88..89 "="
WHITESPACE@89..90 " "
TRIPLE_QUOTE@90..93 "\"\"\""
STRING_TEXT@93..129 "\n    deep\n  shallow\n\n    deep again\n"
TRIPLE_QUOTE@129..136 "    \"\"\""
NEWLINE@136..137 "\n"
LOWER_NAME@137..138 "d"
WHITESPACE@138..139 " "
EQ@139..140 "="
WHITESPACE@140..141 " "
TRIPLE_QUOTE@141..144 "\"\"\""
STRING_TEXT@144..160 "\n  never closed\n"
error[E0109]@4..7: expected a newline after the opening `"""`
error[E0109]@47..50: the closing `"""` must be on its own line
error[E0109]@103..106: this line is indented less than the closing `"""`
error[E0101]@141..160: unterminated string literal
