---
source: crates/emela-syntax/tests/lexer.rs
expression: dump(&src)
input_file: crates/emela-syntax/test_data/lexer/continuation_holes.emel
---
IF_KW@0..2 "if"
WHITESPACE@2..3 " "
LOWER_NAME@3..5 "ok"
WHITESPACE@5..6 " "
L_BRACE@6..7 "{"
NEWLINE@7..8 "\n"
WHITESPACE@8..10 "  "
LOWER_NAME@10..11 "a"
NEWLINE@11..12 "\n"
R_BRACE@12..13 "}"
NEWLINE_CONT@13..14 "\n"
ELSE_KW@14..18 "else"
WHITESPACE@18..19 " "
L_BRACE@19..20 "{"
NEWLINE@20..21 "\n"
WHITESPACE@21..23 "  "
LOWER_NAME@23..24 "b"
NEWLINE@24..25 "\n"
R_BRACE@25..26 "}"
NEWLINE@26..27 "\n"
NEWLINE@27..28 "\n"
FN_KW@28..30 "fn"
WHITESPACE@30..31 " "
LOWER_NAME@31..35 "load"
L_PAREN@35..36 "("
LOWER_NAME@36..38 "id"
COLON@38..39 ":"
WHITESPACE@39..40 " "
TYPE_NAME@40..43 "Int"
R_PAREN@43..44 ")"
NEWLINE_CONT@44..45 "\n"
WHITESPACE@45..47 "  "
THIN_ARROW@47..49 "->"
WHITESPACE@49..50 " "
TYPE_NAME@50..54 "User"
WHITESPACE@54..55 " "
LOWER_NAME@55..60 "fails"
WHITESPACE@60..61 " "
TYPE_NAME@61..69 "NotFound"
NEWLINE_CONT@69..70 "\n"
WHITESPACE@70..72 "  "
PIPE@72..73 "|"
WHITESPACE@73..74 " "
TYPE_NAME@74..81 "DbError"
NEWLINE@81..82 "\n"
