---
source: crates/emela-syntax/tests/lexer.rs
expression: dump(&src)
input_file: crates/emela-syntax/test_data/lexer/spec_match.emel
---
MATCH_KW@0..5 "match"
WHITESPACE@5..6 " "
LOWER_NAME@6..11 "shape"
WHITESPACE@11..12 " "
L_BRACE@12..13 "{"
NEWLINE@13..14 "\n"
WHITESPACE@14..16 "  "
TYPE_NAME@16..22 "Circle"
L_PAREN@22..23 "("
LOWER_NAME@23..29 "radius"
COLON@29..30 ":"
R_PAREN@30..31 ")"
WHITESPACE@31..32 " "
IF_KW@32..34 "if"
WHITESPACE@34..35 " "
LOWER_NAME@35..41 "radius"
WHITESPACE@41..42 " "
GT@42..43 ">"
WHITESPACE@43..44 " "
FLOAT@44..47 "0.0"
WHITESPACE@47..48 " "
THIN_ARROW@48..50 "->"
WHITESPACE@50..51 " "
FLOAT@51..55 "3.14"
WHITESPACE@55..56 " "
STAR@56..57 "*"
WHITESPACE@57..58 " "
LOWER_NAME@58..64 "radius"
WHITESPACE@64..65 " "
STAR@65..66 "*"
WHITESPACE@66..67 " "
LOWER_NAME@67..73 "radius"
NEWLINE@73..74 "\n"
WHITESPACE@74..76 "  "
TYPE_NAME@76..82 "Circle"
L_PAREN@82..83 "("
UNDERSCORE@83..84 "_"
R_PAREN@84..85 ")"
WHITESPACE@85..108 "                       "
THIN_ARROW@108..110 "->"
WHITESPACE@110..111 " "
FLOAT@111..114 "0.0"
NEWLINE@114..115 "\n"
WHITESPACE@115..117 "  "
TYPE_NAME@117..121 "Rect"
L_PAREN@121..122 "("
LOWER_NAME@122..123 "w"
COMMA@123..124 ","
WHITESPACE@124..125 " "
LOWER_NAME@125..126 "h"
R_PAREN@126..127 ")"
WHITESPACE@127..149 "                      "
THIN_ARROW@149..151 "->"
WHITESPACE@151..152 " "
LOWER_NAME@152..153 "w"
WHITESPACE@153..154 " "
STAR@154..155 "*"
WHITESPACE@155..156 " "
LOWER_NAME@156..157 "h"
NEWLINE@157..158 "\n"
WHITESPACE@158..160 "  "
TYPE_NAME@160..165 "Empty"
WHITESPACE@165..192 "                           "
THIN_ARROW@192..194 "->"
WHITESPACE@194..195 " "
FLOAT@195..198 "0.0"
NEWLINE@198..199 "\n"
R_BRACE@199..200 "}"
NEWLINE@200..201 "\n"
