---
source: crates/emela-syntax/tests/lexer.rs
expression: dump(&src)
input_file: crates/emela-syntax/test_data/lexer/spec_declarations.emel
---
CONST_KW@0..5 "const"
WHITESPACE@5..6 " "
UPPER_NAME@6..15 "MAX_RETRY"
WHITESPACE@15..16 " "
EQ@16..17 "="
WHITESPACE@17..18 " "
INT@18..19 "3"
NEWLINE@19..20 "\n"
FN_KW@20..22 "fn"
WHITESPACE@22..23 " "
LOWER_NAME@23..27 "load"
L_PAREN@27..28 "("
LOWER_NAME@28..30 "id"
COLON@30..31 ":"
WHITESPACE@31..32 " "
TYPE_NAME@32..35 "Int"
R_PAREN@35..36 ")"
WHITESPACE@36..37 " "
THIN_ARROW@37..39 "->"
WHITESPACE@39..40 " "
TYPE_NAME@40..44 "User"
WHITESPACE@44..45 " "
LOWER_NAME@45..50 "fails"
WHITESPACE@50..51 " "
TYPE_NAME@51..59 "NotFound"
WHITESPACE@59..60 " "
PIPE@60..61 "|"
WHITESPACE@61..62 " "
TYPE_NAME@62..69 "DbError"
WHITESPACE@69..70 " "
L_BRACE@70..71 "{"
WHITESPACE@71..72 " "
DOT2@72..74 ".."
DOT@74..75 "."
WHITESPACE@75..76 " "
R_BRACE@76..77 "}"
NEWLINE@77..78 "\n"
FN_KW@78..80 "fn"
WHITESPACE@80..81 " "
LOWER_NAME@81..87 "update"
L_BRACK@87..88 "["
UPPER_NAME@88..89 "A"
COMMA@89..90 ","
WHITESPACE@90..91 " "
UPPER_NAME@91..92 "R"
COLON@92..93 ":"
WHITESPACE@93..94 " "
TYPE_NAME@94..103 "Immediate"
R_BRACK@103..104 "]"
L_PAREN@104..105 "("
NEWLINE_CONT@105..106 "\n"
WHITESPACE@106..108 "  "
LOWER_NAME@108..111 "ref"
COLON@111..112 ":"
WHITESPACE@112..113 " "
TYPE_NAME@113..116 "Ref"
L_BRACK@116..117 "["
UPPER_NAME@117..118 "A"
R_BRACK@118..119 "]"
COMMA@119..120 ","
NEWLINE_CONT@120..121 "\n"
WHITESPACE@121..123 "  "
LOWER_NAME@123..124 "f"
COLON@124..125 ":"
WHITESPACE@125..126 " "
FN_KW@126..128 "fn"
L_PAREN@128..129 "("
UPPER_NAME@129..130 "A"
R_PAREN@130..131 ")"
WHITESPACE@131..132 " "
THIN_ARROW@132..134 "->"
WHITESPACE@134..135 " "
UPPER_NAME@135..136 "A"
WHITESPACE@136..137 " "
USE_KW@137..140 "use"
WHITESPACE@140..141 " "
UPPER_NAME@141..142 "R"
COMMA@142..143 ","
NEWLINE_CONT@143..144 "\n"
R_PAREN@144..145 ")"
WHITESPACE@145..146 " "
THIN_ARROW@146..148 "->"
WHITESPACE@148..149 " "
L_PAREN@149..150 "("
R_PAREN@150..151 ")"
WHITESPACE@151..152 " "
USE_KW@152..155 "use"
WHITESPACE@155..156 " "
UPPER_NAME@156..157 "R"
NEWLINE@157..158 "\n"
