---
source: crates/emela-syntax/tests/lexer.rs
expression: dump(&src)
input_file: crates/emela-syntax/test_data/lexer/spec_external.emel
---
AT@0..1 "@"
LOWER_NAME@1..9 "external"
L_PAREN@9..10 "("
LOWER_NAME@10..12 "js"
COMMA@12..13 ","
WHITESPACE@13..14 " "
STRING_QUOTE@14..15 "\""
STRING_TEXT@15..29 "./http_ffi.mjs"
STRING_QUOTE@29..30 "\""
COMMA@30..31 ","
WHITESPACE@31..32 " "
STRING_QUOTE@32..33 "\""
STRING_TEXT@33..42 "fetchText"
STRING_QUOTE@42..43 "\""
R_PAREN@43..44 ")"
NEWLINE@44..45 "\n"
AT@45..46 "@"
LOWER_NAME@46..54 "external"
L_PAREN@54..55 "("
LOWER_NAME@55..59 "wasm"
COMMA@59..60 ","
WHITESPACE@60..61 " "
STRING_QUOTE@61..62 "\""
STRING_TEXT@62..78 "wasi:http/client"
STRING_QUOTE@78..79 "\""
COMMA@79..80 ","
WHITESPACE@80..81 " "
STRING_QUOTE@81..82 "\""
STRING_TEXT@82..87 "fetch"
STRING_QUOTE@87..88 "\""
R_PAREN@88..89 ")"
NEWLINE@89..90 "\n"
SUSPEND_KW@90..97 "suspend"
WHITESPACE@97..98 " "
FN_KW@98..100 "fn"
WHITESPACE@100..101 " "
LOWER_NAME@101..111 "fetch_text"
L_PAREN@111..112 "("
LOWER_NAME@112..115 "url"
COLON@115..116 ":"
WHITESPACE@116..117 " "
TYPE_NAME@117..123 "String"
R_PAREN@123..124 ")"
WHITESPACE@124..125 " "
THIN_ARROW@125..127 "->"
WHITESPACE@127..128 " "
TYPE_NAME@128..134 "String"
NEWLINE@134..135 "\n"
