---
source: crates/emela-syntax/tests/lexer.rs
expression: dump(&src)
input_file: crates/emela-syntax/test_data/lexer/spec_pipeline.emel
---
LOWER_NAME@0..6 "scores"
NEWLINE_CONT@6..7 "\n"
WHITESPACE@7..9 "  "
PIPE_GT@9..11 "|>"
WHITESPACE@11..12 " "
TYPE_NAME@12..16 "List"
DOT@16..17 "."
LOWER_NAME@17..23 "filter"
L_PAREN@23..24 "("
LOWER_NAME@24..32 "is_valid"
R_PAREN@32..33 ")"
NEWLINE_CONT@33..34 "\n"
WHITESPACE@34..36 "  "
PIPE_GT@36..38 "|>"
WHITESPACE@38..39 " "
TYPE_NAME@39..43 "List"
DOT@43..44 "."
LOWER_NAME@44..48 "fold"
L_PAREN@48..49 "("
LOWER_NAME@49..53 "init"
COLON@53..54 ":"
WHITESPACE@54..55 " "
INT@55..56 "0"
COMMA@56..57 ","
WHITESPACE@57..58 " "
LOWER_NAME@58..59 "f"
COLON@59..60 ":"
WHITESPACE@60..61 " "
LOWER_NAME@61..64 "add"
R_PAREN@64..65 ")"
NEWLINE@65..66 "\n"
