---
source: crates/emela-syntax/tests/lexer.rs
expression: dump(&src)
input_file: crates/emela-syntax/test_data/lexer/spec_continuation.emel
---
LOWER_NAME@0..4 "user"
WHITESPACE@4..5 " "
EQ@5..6 "="
WHITESPACE@6..7 " "
LOWER_NAME@7..12 "users"
DOT@12..13 "."
LOWER_NAME@13..17 "find"
L_PAREN@17..18 "("
LOWER_NAME@18..20 "id"
R_PAREN@20..21 ")"
NEWLINE_CONT@21..22 "\n"
WHITESPACE@22..24 "  "
PIPE_GT@24..26 "|>"
WHITESPACE@26..27 " "
TYPE_NAME@27..33 "Option"
DOT@33..34 "."
LOWER_NAME@34..41 "or_fail"
L_PAREN@41..42 "("
TYPE_NAME@42..50 "NotFound"
L_PAREN@50..51 "("
LOWER_NAME@51..53 "id"
COLON@53..54 ":"
R_PAREN@54..55 ")"
R_PAREN@55..56 ")"
WHITESPACE@56..59 "   "
COMMENT@59..79 "# 前の行の続き"
NEWLINE@79..80 "\n"
NEWLINE@80..81 "\n"
LOWER_NAME@81..84 "foo"
NEWLINE@84..85 "\n"
L_PAREN@85..86 "("
LOWER_NAME@86..89 "bar"
R_PAREN@89..90 ")"
WHITESPACE@90..122 "                                "
COMMENT@122..143 "# foo とは別の文"
NEWLINE@143..144 "\n"
