---
source: crates/emela-syntax/tests/lexer.rs
expression: dump(&src)
input_file: crates/emela-syntax/test_data/lexer/spec_escape.emel
---
LOWER_NAME@0..4 "user"
WHITESPACE@4..5 " "
EQ@5..6 "="
WHITESPACE@6..7 " "
LOWER_NAME@7..16 "find_user"
L_PAREN@16..17 "("
LOWER_NAME@17..19 "id"
R_PAREN@19..20 ")"
WHITESPACE@20..21 " "
ESCAPE_KW@21..27 "escape"
WHITESPACE@27..28 " "
L_BRACE@28..29 "{"
NEWLINE@29..30 "\n"
WHITESPACE@30..32 "  "
TYPE_NAME@32..40 "NotFound"
L_PAREN@40..41 "("
UNDERSCORE@41..42 "_"
R_PAREN@42..43 ")"
WHITESPACE@43..44 " "
THIN_ARROW@44..46 "->"
WHITESPACE@46..47 " "
LOWER_NAME@47..57 "guest_user"
L_PAREN@57..58 "("
R_PAREN@58..59 ")"
NEWLINE@59..60 "\n"
R_BRACE@60..61 "}"
NEWLINE@61..62 "\n"
NEWLINE@62..63 "\n"
LOWER_NAME@63..67 "data"
WHITESPACE@67..68 " "
EQ@68..69 "="
WHITESPACE@69..70 " "
LOWER_NAME@70..74 "load"
L_PAREN@74..75 "("
LOWER_NAME@75..77 "id"
R_PAREN@77..78 ")"
WHITESPACE@78..79 " "
ESCAPE_KW@79..85 "escape"
WHITESPACE@85..86 " "
L_BRACE@86..87 "{"
NEWLINE@87..88 "\n"
WHITESPACE@88..90 "  "
TYPE_NAME@90..97 "DbError"
L_PAREN@97..98 "("
LOWER_NAME@98..105 "message"
COLON@105..106 ":"
R_PAREN@106..107 ")"
WHITESPACE@107..108 " "
THIN_ARROW@108..110 "->"
WHITESPACE@110..111 " "
FAIL_KW@111..115 "fail"
WHITESPACE@115..116 " "
TYPE_NAME@116..127 "Unavailable"
L_PAREN@127..128 "("
LOWER_NAME@128..134 "reason"
COLON@134..135 ":"
WHITESPACE@135..136 " "
LOWER_NAME@136..143 "message"
R_PAREN@143..144 ")"
NEWLINE@144..145 "\n"
R_BRACE@145..146 "}"
NEWLINE@146..147 "\n"
