---
source: crates/emela-syntax/tests/parser.rs
expression: parse.debug_dump()
input_file: crates/emela-syntax/test_data/parser/ok/spec_match.emel
---
ROOT@0..248
  FN_DECL@0..247
    FN_KW@0..2 "fn"
    WHITESPACE@2..3 " "
    LOWER_NAME@3..7 "area"
    PARAM_LIST@7..21
      L_PAREN@7..8 "("
      PARAM@8..20
        LOWER_NAME@8..13 "shape"
        COLON@13..14 ":"
        WHITESPACE@14..15 " "
        PATH_TYPE@15..20
          PATH@15..20
            TYPE_NAME@15..20 "Shape"
      R_PAREN@20..21 ")"
    WHITESPACE@21..22 " "
    RET_TYPE@22..30
      THIN_ARROW@22..24 "->"
      WHITESPACE@24..25 " "
      PATH_TYPE@25..30
        PATH@25..30
          TYPE_NAME@25..30 "Float"
    WHITESPACE@30..31 " "
    BLOCK_EXPR@31..247
      L_BRACE@31..32 "{"
      NEWLINE@32..33 "\n"
      WHITESPACE@33..35 "  "
      MATCH_EXPR@35..245
        MATCH_KW@35..40 "match"
        WHITESPACE@40..41 " "
        NAME_REF@41..46
          LOWER_NAME@41..46 "shape"
        WHITESPACE@46..47 " "
        MATCH_ARM_LIST@47..245
          L_BRACE@47..48 "{"
          NEWLINE@48..49 "\n"
          WHITESPACE@49..53 "    "
          MATCH_ARM@53..110
            VARIANT_PAT@53..68
              PATH@53..59
                TYPE_NAME@53..59 "Circle"
              PAT_ARG_LIST@59..68
                L_PAREN@59..60 "("
                FIELD_PAT@60..67
                  LOWER_NAME@60..66 "radius"
                  COLON@66..67 ":"
                R_PAREN@67..68 ")"
            WHITESPACE@68..69 " "
            MATCH_GUARD@69..84
              IF_KW@69..71 "if"
              WHITESPACE@71..72 " "
              BIN_EXPR@72..84
                NAME_REF@72..78
                  LOWER_NAME@72..78 "radius"
                WHITESPACE@78..79 " "
                GT@79..80 ">"
                WHITESPACE@80..81 " "
                LITERAL@81..84
                  FLOAT@81..84 "0.0"
            WHITESPACE@84..85 " "
            THIN_ARROW@85..87 "->"
            WHITESPACE@87..88 " "
            BIN_EXPR@88..110
              BIN_EXPR@88..101
                LITERAL@88..92
                  FLOAT@88..92 "3.14"
                WHITESPACE@92..93 " "
                STAR@93..94 "*"
                WHITESPACE@94..95 " "
                NAME_REF@95..101
                  LOWER_NAME@95..101 "radius"
              WHITESPACE@101..102 " "
              STAR@102..103 "*"
              WHITESPACE@103..104 " "
              NAME_REF@104..110
                LOWER_NAME@104..110 "radius"
          NEWLINE@110..111 "\n"
          WHITESPACE@111..115 "    "
          MATCH_ARM@115..153
            VARIANT_PAT@115..124
              PATH@115..121
                TYPE_NAME@115..121 "Circle"
              PAT_ARG_LIST@121..124
                L_PAREN@121..122 "("
                WILDCARD_PAT@122..123
                  UNDERSCORE@122..123 "_"
                R_PAREN@123..124 ")"
            WHITESPACE@124..147 "                       "
            THIN_ARROW@147..149 "->"
            WHITESPACE@149..150 " "
            LITERAL@150..153
              FLOAT@150..153 "0.0"
          NEWLINE@153..154 "\n"
          WHITESPACE@154..158 "    "
          MATCH_ARM@158..198
            VARIANT_PAT@158..168
              PATH@158..162
                TYPE_NAME@158..162 "Rect"
              PAT_ARG_LIST@162..168
                L_PAREN@162..163 "("
                IDENT_PAT@163..164
                  LOWER_NAME@163..164 "w"
                COMMA@164..165 ","
                WHITESPACE@165..166 " "
                IDENT_PAT@166..167
                  LOWER_NAME@166..167 "h"
                R_PAREN@167..168 ")"
            WHITESPACE@168..190 "                      "
            THIN_ARROW@190..192 "->"
            WHITESPACE@192..193 " "
            BIN_EXPR@193..198
              NAME_REF@193..194
                LOWER_NAME@193..194 "w"
              WHITESPACE@194..195 " "
              STAR@195..196 "*"
              WHITESPACE@196..197 " "
              NAME_REF@197..198
                LOWER_NAME@197..198 "h"
          NEWLINE@198..199 "\n"
          WHITESPACE@199..203 "    "
          MATCH_ARM@203..241
            VARIANT_PAT@203..208
              PATH@203..208
                TYPE_NAME@203..208 "Empty"
            WHITESPACE@208..235 "                           "
            THIN_ARROW@235..237 "->"
            WHITESPACE@237..238 " "
            LITERAL@238..241
              FLOAT@238..241 "0.0"
          NEWLINE@241..242 "\n"
          WHITESPACE@242..244 "  "
          R_BRACE@244..245 "}"
      NEWLINE@245..246 "\n"
      R_BRACE@246..247 "}"
  NEWLINE@247..248 "\n"
